User login successful
Unauthorized access attempt on port 22
SQL injection attack detected
